// Jest Snapshot v1, https://goo.gl/fbAQLP

exports[`Home Page should display the page correctly 1`] = `
<div>
  <div
    class="nextui-c-kRHeuF nextui-c-kRHeuF-ienfGvA-css nextui-grid-item nextui-grid-container"
  >
    <div
      class="nextui-c-kRHeuF nextui-c-kRHeuF-ihqYMFD-css nextui-grid-item xs sm md xl"
    >
      <div
        class="nextui-c-BDLTQ nextui-c-jMTBsW nextui-c-PJLV nextui-c-BDLTQ-kUADSW-variant-bordered nextui-c-BDLTQ-fmlsco-borderWeight-light nextui-c-BDLTQ-cuwTXc-disableAnimation-false nextui-c-BDLTQ-iZxJaC-isPressable-true nextui-c-PJLV-gulvcB-isFocusVisible-false"
        role="button"
        tabindex="0"
      >
        <div
          class="nextui-c-eFfoBo nextui-c-eFfoBo-ifRCjYa-css"
        >
          <div
            class="nextui-c-iVzbCs nextui-c-iVzbCs-bDGmTT-ready-true nextui-c-iVzbCs-iglXcVt-css nextui-image-container nextui-image--loading"
            data-state="loading"
          >
            <div
              class="nextui-c-FIiRH nextui-c-FIiRH-ibDGmTT-css nextui-image-skeleton"
            />
            <img
              alt="bulbasaur"
              class="nextui-c-kbhVdb nextui-c-kbhVdb-ifRKYWh-css nextui-image"
              data-state="loading"
              height="140"
              src="https://raw.githubusercontent.com/PokeAPI/sprites/master/sprites/pokemon/1.png"
              width="100%"
            />
          </div>
        </div>
        <div
          class="nextui-c-cakKrd"
        >
          <div
            class="nextui-c-dfbgCO nextui-c-dfbgCO-fGHEql-fluid-true nextui-c-dfbgCO-ijHOHeI-css"
          >
            <b
              class="nextui-c-PJLV nextui-c-PJLV-iUDWNt-css"
            >
              bulbasaur
            </b>
            <p
              class="nextui-c-PJLV nextui-c-PJLV-igzIIoY-css"
            >
              # 
              1
            </p>
          </div>
        </div>
      </div>
    </div>
    <div
      class="nextui-c-kRHeuF nextui-c-kRHeuF-ihqYMFD-css nextui-grid-item xs sm md xl"
    >
      <div
        class="nextui-c-BDLTQ nextui-c-jMTBsW nextui-c-PJLV nextui-c-BDLTQ-kUADSW-variant-bordered nextui-c-BDLTQ-fmlsco-borderWeight-light nextui-c-BDLTQ-cuwTXc-disableAnimation-false nextui-c-BDLTQ-iZxJaC-isPressable-true nextui-c-PJLV-gulvcB-isFocusVisible-false"
        role="button"
        tabindex="0"
      >
        <div
          class="nextui-c-eFfoBo nextui-c-eFfoBo-ifRCjYa-css"
        >
          <div
            class="nextui-c-iVzbCs nextui-c-iVzbCs-bDGmTT-ready-true nextui-c-iVzbCs-iglXcVt-css nextui-image-container nextui-image--loading"
            data-state="loading"
          >
            <div
              class="nextui-c-FIiRH nextui-c-FIiRH-ibDGmTT-css nextui-image-skeleton"
            />
            <img
              alt="ivysaur"
              class="nextui-c-kbhVdb nextui-c-kbhVdb-ifRKYWh-css nextui-image"
              data-state="loading"
              height="140"
              src="https://raw.githubusercontent.com/PokeAPI/sprites/master/sprites/pokemon/2.png"
              width="100%"
            />
          </div>
        </div>
        <div
          class="nextui-c-cakKrd"
        >
          <div
            class="nextui-c-dfbgCO nextui-c-dfbgCO-fGHEql-fluid-true nextui-c-dfbgCO-ijHOHeI-css"
          >
            <b
              class="nextui-c-PJLV nextui-c-PJLV-iUDWNt-css"
            >
              ivysaur
            </b>
            <p
              class="nextui-c-PJLV nextui-c-PJLV-igzIIoY-css"
            >
              # 
              2
            </p>
          </div>
        </div>
      </div>
    </div>
    <div
      class="nextui-c-kRHeuF nextui-c-kRHeuF-ihqYMFD-css nextui-grid-item xs sm md xl"
    >
      <div
        class="nextui-c-BDLTQ nextui-c-jMTBsW nextui-c-PJLV nextui-c-BDLTQ-kUADSW-variant-bordered nextui-c-BDLTQ-fmlsco-borderWeight-light nextui-c-BDLTQ-cuwTXc-disableAnimation-false nextui-c-BDLTQ-iZxJaC-isPressable-true nextui-c-PJLV-gulvcB-isFocusVisible-false"
        role="button"
        tabindex="0"
      >
        <div
          class="nextui-c-eFfoBo nextui-c-eFfoBo-ifRCjYa-css"
        >
          <div
            class="nextui-c-iVzbCs nextui-c-iVzbCs-bDGmTT-ready-true nextui-c-iVzbCs-iglXcVt-css nextui-image-container nextui-image--loading"
            data-state="loading"
          >
            <div
              class="nextui-c-FIiRH nextui-c-FIiRH-ibDGmTT-css nextui-image-skeleton"
            />
            <img
              alt="venusaur"
              class="nextui-c-kbhVdb nextui-c-kbhVdb-ifRKYWh-css nextui-image"
              data-state="loading"
              height="140"
              src="https://raw.githubusercontent.com/PokeAPI/sprites/master/sprites/pokemon/3.png"
              width="100%"
            />
          </div>
        </div>
        <div
          class="nextui-c-cakKrd"
        >
          <div
            class="nextui-c-dfbgCO nextui-c-dfbgCO-fGHEql-fluid-true nextui-c-dfbgCO-ijHOHeI-css"
          >
            <b
              class="nextui-c-PJLV nextui-c-PJLV-iUDWNt-css"
            >
              venusaur
            </b>
            <p
              class="nextui-c-PJLV nextui-c-PJLV-igzIIoY-css"
            >
              # 
              3
            </p>
          </div>
        </div>
      </div>
    </div>
    <div
      class="nextui-c-kRHeuF nextui-c-kRHeuF-ihqYMFD-css nextui-grid-item xs sm md xl"
    >
      <div
        class="nextui-c-BDLTQ nextui-c-jMTBsW nextui-c-PJLV nextui-c-BDLTQ-kUADSW-variant-bordered nextui-c-BDLTQ-fmlsco-borderWeight-light nextui-c-BDLTQ-cuwTXc-disableAnimation-false nextui-c-BDLTQ-iZxJaC-isPressable-true nextui-c-PJLV-gulvcB-isFocusVisible-false"
        role="button"
        tabindex="0"
      >
        <div
          class="nextui-c-eFfoBo nextui-c-eFfoBo-ifRCjYa-css"
        >
          <div
            class="nextui-c-iVzbCs nextui-c-iVzbCs-bDGmTT-ready-true nextui-c-iVzbCs-iglXcVt-css nextui-image-container nextui-image--loading"
            data-state="loading"
          >
            <div
              class="nextui-c-FIiRH nextui-c-FIiRH-ibDGmTT-css nextui-image-skeleton"
            />
            <img
              alt="charmander"
              class="nextui-c-kbhVdb nextui-c-kbhVdb-ifRKYWh-css nextui-image"
              data-state="loading"
              height="140"
              src="https://raw.githubusercontent.com/PokeAPI/sprites/master/sprites/pokemon/4.png"
              width="100%"
            />
          </div>
        </div>
        <div
          class="nextui-c-cakKrd"
        >
          <div
            class="nextui-c-dfbgCO nextui-c-dfbgCO-fGHEql-fluid-true nextui-c-dfbgCO-ijHOHeI-css"
          >
            <b
              class="nextui-c-PJLV nextui-c-PJLV-iUDWNt-css"
            >
              charmander
            </b>
            <p
              class="nextui-c-PJLV nextui-c-PJLV-igzIIoY-css"
            >
              # 
              4
            </p>
          </div>
        </div>
      </div>
    </div>
    <div
      class="nextui-c-kRHeuF nextui-c-kRHeuF-ihqYMFD-css nextui-grid-item xs sm md xl"
    >
      <div
        class="nextui-c-BDLTQ nextui-c-jMTBsW nextui-c-PJLV nextui-c-BDLTQ-kUADSW-variant-bordered nextui-c-BDLTQ-fmlsco-borderWeight-light nextui-c-BDLTQ-cuwTXc-disableAnimation-false nextui-c-BDLTQ-iZxJaC-isPressable-true nextui-c-PJLV-gulvcB-isFocusVisible-false"
        role="button"
        tabindex="0"
      >
        <div
          class="nextui-c-eFfoBo nextui-c-eFfoBo-ifRCjYa-css"
        >
          <div
            class="nextui-c-iVzbCs nextui-c-iVzbCs-bDGmTT-ready-true nextui-c-iVzbCs-iglXcVt-css nextui-image-container nextui-image--loading"
            data-state="loading"
          >
            <div
              class="nextui-c-FIiRH nextui-c-FIiRH-ibDGmTT-css nextui-image-skeleton"
            />
            <img
              alt="charmeleon"
              class="nextui-c-kbhVdb nextui-c-kbhVdb-ifRKYWh-css nextui-image"
              data-state="loading"
              height="140"
              src="https://raw.githubusercontent.com/PokeAPI/sprites/master/sprites/pokemon/5.png"
              width="100%"
            />
          </div>
        </div>
        <div
          class="nextui-c-cakKrd"
        >
          <div
            class="nextui-c-dfbgCO nextui-c-dfbgCO-fGHEql-fluid-true nextui-c-dfbgCO-ijHOHeI-css"
          >
            <b
              class="nextui-c-PJLV nextui-c-PJLV-iUDWNt-css"
            >
              charmeleon
            </b>
            <p
              class="nextui-c-PJLV nextui-c-PJLV-igzIIoY-css"
            >
              # 
              5
            </p>
          </div>
        </div>
      </div>
    </div>
    <div
      class="nextui-c-kRHeuF nextui-c-kRHeuF-ihqYMFD-css nextui-grid-item xs sm md xl"
    >
      <div
        class="nextui-c-BDLTQ nextui-c-jMTBsW nextui-c-PJLV nextui-c-BDLTQ-kUADSW-variant-bordered nextui-c-BDLTQ-fmlsco-borderWeight-light nextui-c-BDLTQ-cuwTXc-disableAnimation-false nextui-c-BDLTQ-iZxJaC-isPressable-true nextui-c-PJLV-gulvcB-isFocusVisible-false"
        role="button"
        tabindex="0"
      >
        <div
          class="nextui-c-eFfoBo nextui-c-eFfoBo-ifRCjYa-css"
        >
          <div
            class="nextui-c-iVzbCs nextui-c-iVzbCs-bDGmTT-ready-true nextui-c-iVzbCs-iglXcVt-css nextui-image-container nextui-image--loading"
            data-state="loading"
          >
            <div
              class="nextui-c-FIiRH nextui-c-FIiRH-ibDGmTT-css nextui-image-skeleton"
            />
            <img
              alt="charizard"
              class="nextui-c-kbhVdb nextui-c-kbhVdb-ifRKYWh-css nextui-image"
              data-state="loading"
              height="140"
              src="https://raw.githubusercontent.com/PokeAPI/sprites/master/sprites/pokemon/6.png"
              width="100%"
            />
          </div>
        </div>
        <div
          class="nextui-c-cakKrd"
        >
          <div
            class="nextui-c-dfbgCO nextui-c-dfbgCO-fGHEql-fluid-true nextui-c-dfbgCO-ijHOHeI-css"
          >
            <b
              class="nextui-c-PJLV nextui-c-PJLV-iUDWNt-css"
            >
              charizard
            </b>
            <p
              class="nextui-c-PJLV nextui-c-PJLV-igzIIoY-css"
            >
              # 
              6
            </p>
          </div>
        </div>
      </div>
    </div>
    <div
      class="nextui-c-kRHeuF nextui-c-kRHeuF-ihqYMFD-css nextui-grid-item xs sm md xl"
    >
      <div
        class="nextui-c-BDLTQ nextui-c-jMTBsW nextui-c-PJLV nextui-c-BDLTQ-kUADSW-variant-bordered nextui-c-BDLTQ-fmlsco-borderWeight-light nextui-c-BDLTQ-cuwTXc-disableAnimation-false nextui-c-BDLTQ-iZxJaC-isPressable-true nextui-c-PJLV-gulvcB-isFocusVisible-false"
        role="button"
        tabindex="0"
      >
        <div
          class="nextui-c-eFfoBo nextui-c-eFfoBo-ifRCjYa-css"
        >
          <div
            class="nextui-c-iVzbCs nextui-c-iVzbCs-bDGmTT-ready-true nextui-c-iVzbCs-iglXcVt-css nextui-image-container nextui-image--loading"
            data-state="loading"
          >
            <div
              class="nextui-c-FIiRH nextui-c-FIiRH-ibDGmTT-css nextui-image-skeleton"
            />
            <img
              alt="squirtle"
              class="nextui-c-kbhVdb nextui-c-kbhVdb-ifRKYWh-css nextui-image"
              data-state="loading"
              height="140"
              src="https://raw.githubusercontent.com/PokeAPI/sprites/master/sprites/pokemon/7.png"
              width="100%"
            />
          </div>
        </div>
        <div
          class="nextui-c-cakKrd"
        >
          <div
            class="nextui-c-dfbgCO nextui-c-dfbgCO-fGHEql-fluid-true nextui-c-dfbgCO-ijHOHeI-css"
          >
            <b
              class="nextui-c-PJLV nextui-c-PJLV-iUDWNt-css"
            >
              squirtle
            </b>
            <p
              class="nextui-c-PJLV nextui-c-PJLV-igzIIoY-css"
            >
              # 
              7
            </p>
          </div>
        </div>
      </div>
    </div>
    <div
      class="nextui-c-kRHeuF nextui-c-kRHeuF-ihqYMFD-css nextui-grid-item xs sm md xl"
    >
      <div
        class="nextui-c-BDLTQ nextui-c-jMTBsW nextui-c-PJLV nextui-c-BDLTQ-kUADSW-variant-bordered nextui-c-BDLTQ-fmlsco-borderWeight-light nextui-c-BDLTQ-cuwTXc-disableAnimation-false nextui-c-BDLTQ-iZxJaC-isPressable-true nextui-c-PJLV-gulvcB-isFocusVisible-false"
        role="button"
        tabindex="0"
      >
        <div
          class="nextui-c-eFfoBo nextui-c-eFfoBo-ifRCjYa-css"
        >
          <div
            class="nextui-c-iVzbCs nextui-c-iVzbCs-bDGmTT-ready-true nextui-c-iVzbCs-iglXcVt-css nextui-image-container nextui-image--loading"
            data-state="loading"
          >
            <div
              class="nextui-c-FIiRH nextui-c-FIiRH-ibDGmTT-css nextui-image-skeleton"
            />
            <img
              alt="wartortle"
              class="nextui-c-kbhVdb nextui-c-kbhVdb-ifRKYWh-css nextui-image"
              data-state="loading"
              height="140"
              src="https://raw.githubusercontent.com/PokeAPI/sprites/master/sprites/pokemon/8.png"
              width="100%"
            />
          </div>
        </div>
        <div
          class="nextui-c-cakKrd"
        >
          <div
            class="nextui-c-dfbgCO nextui-c-dfbgCO-fGHEql-fluid-true nextui-c-dfbgCO-ijHOHeI-css"
          >
            <b
              class="nextui-c-PJLV nextui-c-PJLV-iUDWNt-css"
            >
              wartortle
            </b>
            <p
              class="nextui-c-PJLV nextui-c-PJLV-igzIIoY-css"
            >
              # 
              8
            </p>
          </div>
        </div>
      </div>
    </div>
    <div
      class="nextui-c-kRHeuF nextui-c-kRHeuF-ihqYMFD-css nextui-grid-item xs sm md xl"
    >
      <div
        class="nextui-c-BDLTQ nextui-c-jMTBsW nextui-c-PJLV nextui-c-BDLTQ-kUADSW-variant-bordered nextui-c-BDLTQ-fmlsco-borderWeight-light nextui-c-BDLTQ-cuwTXc-disableAnimation-false nextui-c-BDLTQ-iZxJaC-isPressable-true nextui-c-PJLV-gulvcB-isFocusVisible-false"
        role="button"
        tabindex="0"
      >
        <div
          class="nextui-c-eFfoBo nextui-c-eFfoBo-ifRCjYa-css"
        >
          <div
            class="nextui-c-iVzbCs nextui-c-iVzbCs-bDGmTT-ready-true nextui-c-iVzbCs-iglXcVt-css nextui-image-container nextui-image--loading"
            data-state="loading"
          >
            <div
              class="nextui-c-FIiRH nextui-c-FIiRH-ibDGmTT-css nextui-image-skeleton"
            />
            <img
              alt="blastoise"
              class="nextui-c-kbhVdb nextui-c-kbhVdb-ifRKYWh-css nextui-image"
              data-state="loading"
              height="140"
              src="https://raw.githubusercontent.com/PokeAPI/sprites/master/sprites/pokemon/9.png"
              width="100%"
            />
          </div>
        </div>
        <div
          class="nextui-c-cakKrd"
        >
          <div
            class="nextui-c-dfbgCO nextui-c-dfbgCO-fGHEql-fluid-true nextui-c-dfbgCO-ijHOHeI-css"
          >
            <b
              class="nextui-c-PJLV nextui-c-PJLV-iUDWNt-css"
            >
              blastoise
            </b>
            <p
              class="nextui-c-PJLV nextui-c-PJLV-igzIIoY-css"
            >
              # 
              9
            </p>
          </div>
        </div>
      </div>
    </div>
  </div>
</div>
`;
